// Jest Snapshot v1, https://goo.gl/fbAQLP

exports[`FreeLimbGroup Component renders correctly 1`] = `
<RNSVGGroup
  fill={4278190080}
  fillOpacity={1}
  fillRule={1}
  font={Object {}}
  matrix={
    Array [
      1,
      0,
      0,
      1,
      0,
      0,
    ]
  }
  opacity={1}
  originX={0}
  originY={0}
  propList={Array []}
  rotation={0}
  scaleX={1}
  scaleY={1}
  skewX={0}
  skewY={0}
  stroke={null}
  strokeDasharray={null}
  strokeDashoffset={null}
  strokeLinecap={0}
  strokeLinejoin={0}
  strokeMiterlimit={4}
  strokeOpacity={1}
  strokeWidth={1}
  vectorEffect={0}
  x={0}
  y={0}
>
  <RNSVGLine
    fill={4278190080}
    fillOpacity={1}
    fillRule={1}
    matrix={
      Array [
        1,
        0,
        0,
        1,
        0,
        0,
      ]
    }
    name="freeLimb"
    opacity={1}
    originX={0}
    originY={0}
    propList={
      Array [
        "stroke",
        "strokeWidth",
      ]
    }
    rotation={0}
    scaleX={1}
    scaleY={1}
    skewX={0}
    skewY={0}
    stroke={4287603630}
    strokeDasharray={null}
    strokeDashoffset={null}
    strokeLinecap={0}
    strokeLinejoin={0}
    strokeMiterlimit={4}
    strokeOpacity={1}
    strokeWidth={27}
    vectorEffect={0}
    x={0}
    x1={10}
    x2={20}
    y={0}
    y1={20}
    y2={20}
  />
  <RNSVGCircle
    cx={20}
    cy={20}
    fill={4294967295}
    fillOpacity={1}
    fillRule={1}
    matrix={
      Array [
        1,
        0,
        0,
        1,
        0,
        0,
      ]
    }
    opacity={1}
    originX={0}
    originY={0}
    propList={
      Array [
        "fill",
        "stroke",
        "strokeWidth",
      ]
    }
    r={22}
    rotation={0}
    scaleX={1}
    scaleY={1}
    skewX={0}
    skewY={0}
    stroke={4287603630}
    strokeDasharray={null}
    strokeDashoffset={null}
    strokeLinecap={0}
    strokeLinejoin={0}
    strokeMiterlimit={4}
    strokeOpacity={1}
    strokeWidth={12}
    vectorEffect={0}
    x={0}
    y={0}
  />
</RNSVGGroup>
`;
