// Jest Snapshot v1, https://goo.gl/fbAQLP

exports[`CurveTargetZone renders correctly 1`] = `
<View
  collapsable={true}
  pointerEvents="box-none"
  style={
    Object {
      "flex": 1,
    }
  }
>
  <RNSVGPath
    d="M 550 880 Q 800 996.5769145387496 1050 880 M 1050 880 Q 800 901.872165881481 550 880 Z"
    fill={4293783794}
    fillOpacity={1}
    fillRule={1}
    matrix={
      Array [
        1,
        0,
        0,
        1,
        0,
        0,
      ]
    }
    opacity={1}
    originX={0}
    originY={0}
    propList={
      Array [
        "fill",
      ]
    }
    rotation={0}
    scaleX={1}
    scaleY={1}
    skewX={0}
    skewY={0}
    stroke={null}
    strokeDasharray={null}
    strokeDashoffset={null}
    strokeLinecap={0}
    strokeLinejoin={0}
    strokeMiterlimit={4}
    strokeOpacity={1}
    strokeWidth={1}
    vectorEffect={0}
    x={0}
    y={0}
  />
</View>
`;
