// Jest Snapshot v1, https://goo.gl/fbAQLP

exports[`Limb Component renders correctly 1`] = `
<RNSVGLine
  fill={4278190080}
  fillOpacity={1}
  fillRule={1}
  matrix={
    Array [
      1,
      0,
      0,
      1,
      0,
      0,
    ]
  }
  name="limb"
  opacity={1}
  originX={0}
  originY={0}
  propList={
    Array [
      "stroke",
      "strokeWidth",
    ]
  }
  rotation={0}
  scaleX={1}
  scaleY={1}
  skewX={0}
  skewY={0}
  stroke={4278190080}
  strokeDasharray={null}
  strokeDashoffset={null}
  strokeLinecap={0}
  strokeLinejoin={0}
  strokeMiterlimit={4}
  strokeOpacity={1}
  strokeWidth={5}
  vectorEffect={0}
  x={0}
  x1={10}
  x2={20}
  y={0}
  y1={20}
  y2={20}
/>
`;
